[rtsolutionz.com/vizzstudio/demo-falr/falr/dark-theme/full-calendar.html]
[backblue.gif]
[fade.gif]
[index.html]
[rtsolutionz.com/vizzstudio/demo-falr/falr/assets/images/favicon.png]
[rtsolutionz.com/vizzstudio/demo-falr/falr/assets/css/bootstrap.min.css]
[rtsolutionz.com/vizzstudio/demo-falr/falr/assets/css/style.css]
[rtsolutionz.com/vizzstudio/demo-falr/falr/assets/css/owl.carousel.min.css]
[rtsolutionz.com/vizzstudio/demo-falr/falr/assets/css/owl.theme.default.min.css]
[rtsolutionz.com/vizzstudio/demo-falr/falr/assets/css/font-awesome.min.css]
[rtsolutionz.com/vizzstudio/demo-falr/falr/assets/css/themify-icons.css]
[rtsolutionz.com/vizzstudio/demo-falr/falr/assets/css/ionicons.min.css]
[rtsolutionz.com/vizzstudio/demo-falr/falr/assets/css/et-line.css]
[rtsolutionz.com/vizzstudio/demo-falr/falr/assets/css/feather.css]
[rtsolutionz.com/vizzstudio/demo-falr/falr/assets/js/modernizr-2.8.3.min.js]
[rtsolutionz.com/vizzstudio/demo-falr/falr/assets/css/metisMenu.css]
[rtsolutionz.com/vizzstudio/demo-falr/falr/assets/css/slicknav.min.css]
[rtsolutionz.com/vizzstudio/demo-falr/falr/assets/css/flag-icon.min.css]
[rtsolutionz.com/vizzstudio/demo-falr/falr/assets/vendors/fullcalendar/dist/fullcalendar.min.css]
[rtsolutionz.com/vizzstudio/demo-falr/falr/assets/vendors/fullcalendar/dist/fullcalendar.print.min.css]
[rtsolutionz.com/vizzstudio/demo-falr/falr/dark-theme/index.html]
[rtsolutionz.com/vizzstudio/demo-falr/falr/assets/images/author/author-img1.jpg]
[rtsolutionz.com/vizzstudio/demo-falr/falr/assets/images/author/author-img2.jpg]
[rtsolutionz.com/vizzstudio/demo-falr/falr/assets/images/user.jpg]
[rtsolutionz.com/vizzstudio/demo-falr/falr/assets/images/author/author-img4.jpg]
[rtsolutionz.com/vizzstudio/demo-falr/falr/dark-theme/profile.html]
[rtsolutionz.com/vizzstudio/demo-falr/falr/dark-theme/login.html]
[rtsolutionz.com/vizzstudio/demo-falr/falr/dark-theme/gallery.html]
[rtsolutionz.com/vizzstudio/demo-falr/falr/dark-theme/inbox.html]
[rtsolutionz.com/vizzstudio/demo-falr/falr/dark-theme/compose.html]
[rtsolutionz.com/vizzstudio/demo-falr/falr/dark-theme/read-mail.html]
[rtsolutionz.com/vizzstudio/demo-falr/falr/dark-theme/alert.html]
[rtsolutionz.com/vizzstudio/demo-falr/falr/dark-theme/accordion.html]
[rtsolutionz.com/vizzstudio/demo-falr/falr/dark-theme/buttons.html]
[rtsolutionz.com/vizzstudio/demo-falr/falr/dark-theme/badges.html]
[rtsolutionz.com/vizzstudio/demo-falr/falr/dark-theme/cards.html]
[rtsolutionz.com/vizzstudio/demo-falr/falr/dark-theme/carousel.html]
[rtsolutionz.com/vizzstudio/demo-falr/falr/dark-theme/dropdown.html]
[rtsolutionz.com/vizzstudio/demo-falr/falr/dark-theme/list-group.html]
[rtsolutionz.com/vizzstudio/demo-falr/falr/dark-theme/modals.html]
[rtsolutionz.com/vizzstudio/demo-falr/falr/dark-theme/pagination.html]
[rtsolutionz.com/vizzstudio/demo-falr/falr/dark-theme/popover.html]
[rtsolutionz.com/vizzstudio/demo-falr/falr/dark-theme/progressbar.html]
[rtsolutionz.com/vizzstudio/demo-falr/falr/dark-theme/tabs.html]
[rtsolutionz.com/vizzstudio/demo-falr/falr/dark-theme/typography.html]
[rtsolutionz.com/vizzstudio/demo-falr/falr/dark-theme/grid.html]
[rtsolutionz.com/vizzstudio/demo-falr/falr/dark-theme/toastr.html]
[rtsolutionz.com/vizzstudio/demo-falr/falr/dark-theme/sweet-alert.html]
[rtsolutionz.com/vizzstudio/demo-falr/falr/dark-theme/cropper.html]
[rtsolutionz.com/vizzstudio/demo-falr/falr/dark-theme/loaders.html]
[rtsolutionz.com/vizzstudio/demo-falr/falr/dark-theme/app-tour.html]
[rtsolutionz.com/vizzstudio/demo-falr/falr/dark-theme/ladda-button.html]
[rtsolutionz.com/vizzstudio/demo-falr/falr/dark-theme/dropzone.html]
[rtsolutionz.com/vizzstudio/demo-falr/falr/dark-theme/font-awesome.html]
[rtsolutionz.com/vizzstudio/demo-falr/falr/dark-theme/themify.html]
[rtsolutionz.com/vizzstudio/demo-falr/falr/dark-theme/ionicons.html]
[rtsolutionz.com/vizzstudio/demo-falr/falr/dark-theme/et-line.html]
[rtsolutionz.com/vizzstudio/demo-falr/falr/dark-theme/google-maps.html]
[rtsolutionz.com/vizzstudio/demo-falr/falr/dark-theme/am-maps.html]
[rtsolutionz.com/vizzstudio/demo-falr/falr/dark-theme/basic-table.html]
[rtsolutionz.com/vizzstudio/demo-falr/falr/dark-theme/datatable.html]
[rtsolutionz.com/vizzstudio/demo-falr/falr/dark-theme/js-grid.html]
[rtsolutionz.com/vizzstudio/demo-falr/falr/dark-theme/form-basic.html]
[rtsolutionz.com/vizzstudio/demo-falr/falr/dark-theme/form-layouts.html]
[rtsolutionz.com/vizzstudio/demo-falr/falr/dark-theme/form-groups.html]
[rtsolutionz.com/vizzstudio/demo-falr/falr/dark-theme/form-validation.html]
[rtsolutionz.com/vizzstudio/demo-falr/falr/dark-theme/text-editor.html]
[rtsolutionz.com/vizzstudio/demo-falr/falr/dark-theme/code-editor.html]
[rtsolutionz.com/vizzstudio/demo-falr/falr/dark-theme/chart-js.html]
[rtsolutionz.com/vizzstudio/demo-falr/falr/dark-theme/morris-charts.html]
[rtsolutionz.com/vizzstudio/demo-falr/falr/dark-theme/c3-chart.html]
[rtsolutionz.com/vizzstudio/demo-falr/falr/dark-theme/chartist.html]
[rtsolutionz.com/vizzstudio/demo-falr/falr/dark-theme/register.html]
[rtsolutionz.com/vizzstudio/demo-falr/falr/dark-theme/lock.html]
[rtsolutionz.com/vizzstudio/demo-falr/falr/dark-theme/reset-password.html]
[rtsolutionz.com/vizzstudio/demo-falr/falr/dark-theme/forgot-password.html]
[rtsolutionz.com/vizzstudio/demo-falr/falr/dark-theme/404.html]
[rtsolutionz.com/vizzstudio/demo-falr/falr/dark-theme/500.html]
[rtsolutionz.com/vizzstudio/demo-falr/falr/dark-theme/505.html]
[rtsolutionz.com/vizzstudio/demo-falr/falr/dark-theme/blank.html]
[rtsolutionz.com/vizzstudio/demo-falr/falr/dark-theme/invoice.html]
[rtsolutionz.com/vizzstudio/demo-falr/falr/dark-theme/pricing.html]
[rtsolutionz.com/vizzstudio/demo-falr/falr/dark-theme/timeline.html]
[rtsolutionz.com/vizzstudio/demo-falr/falr/assets/js/jquery.min.js]
[rtsolutionz.com/vizzstudio/demo-falr/falr/assets/js/bootstrap.min.js]
[rtsolutionz.com/vizzstudio/demo-falr/falr/assets/js/owl.carousel.min.js]
[rtsolutionz.com/vizzstudio/demo-falr/falr/assets/js/metisMenu.min.js]
[rtsolutionz.com/vizzstudio/demo-falr/falr/assets/js/jquery.slimscroll.min.js]
[rtsolutionz.com/vizzstudio/demo-falr/falr/assets/js/jquery.slicknav.min.js]
[rtsolutionz.com/vizzstudio/demo-falr/falr/assets/js/init/full-calendar.js]
[rtsolutionz.com/vizzstudio/demo-falr/falr/assets/js/main.js]
[rtsolutionz.com/vizzstudio/demo-falr/falr/dark-theme/full-calendar.html]
[rtsolutionz.com/vizzstudio/demo-falr/falr/assets/css/bootstrap.min.css]
[rtsolutionz.com/vizzstudio/demo-falr/falr/assets/images/icon-cross.png]
[rtsolutionz.com/vizzstudio/demo-falr/falr/assets/images/js-grid.png]
[rtsolutionz.com/vizzstudio/demo-falr/falr/assets/vendors/moment/moment.js]
[rtsolutionz.com/vizzstudio/demo-falr/falr/assets/vendors/jquery-ui/jquery-ui.min.js]
[rtsolutionz.com/vizzstudio/demo-falr/falr/assets/images/login-bg.jpg]
[rtsolutionz.com/vizzstudio/demo-falr/falr/assets/images/register-bg.jpg]
[rtsolutionz.com/vizzstudio/demo-falr/falr/assets/css/style.css]
[rtsolutionz.com/vizzstudio/demo-falr/falr/assets/css/owl.carousel.min.css]
[rtsolutionz.com/vizzstudio/demo-falr/falr/assets/css/owl.theme.default.min.css]
[rtsolutionz.com/vizzstudio/demo-falr/falr/assets/css/font-awesome.min.css]
[rtsolutionz.com/vizzstudio/demo-falr/falr/assets/css/themify-icons.css]
[rtsolutionz.com/vizzstudio/demo-falr/falr/assets/css/ionicons.min.css]
[rtsolutionz.com/vizzstudio/demo-falr/falr/assets/css/et-line.css]
[rtsolutionz.com/vizzstudio/demo-falr/falr/assets/css/feather.css]
[rtsolutionz.com/vizzstudio/demo-falr/falr/assets/css/metisMenu.css]
[rtsolutionz.com/vizzstudio/demo-falr/falr/assets/css/slicknav.min.css]
[rtsolutionz.com/vizzstudio/demo-falr/falr/assets/css/flag-icon.min.css]
[rtsolutionz.com/vizzstudio/demo-falr/falr/assets/vendors/fullcalendar/dist/fullcalendar.min.css]
[rtsolutionz.com/vizzstudio/demo-falr/falr/assets/vendors/fullcalendar/dist/fullcalendar.print.min.css]
[rtsolutionz.com/vizzstudio/demo-falr/falr/assets/vendors/am-charts/css/am-charts.css]
[rtsolutionz.com/vizzstudio/demo-falr/falr/assets/vendors/charts/morris-bundle/morris.css]
[rtsolutionz.com/vizzstudio/demo-falr/falr/assets/images/browser/chrome.png]
[rtsolutionz.com/vizzstudio/demo-falr/falr/assets/vendors/fullcalendar/dist/fullcalendar.min.js]
[rtsolutionz.com/vizzstudio/demo-falr/falr/assets/images/browser/firefox.png]
[rtsolutionz.com/vizzstudio/demo-falr/falr/assets/images/browser/safari.png]
[rtsolutionz.com/vizzstudio/demo-falr/falr/assets/images/browser/opera.png]
[rtsolutionz.com/vizzstudio/demo-falr/falr/assets/images/author/author-img3.jpg]
[rtsolutionz.com/vizzstudio/demo-falr/falr/assets/vendors/am-charts/js/ammap.js]
[rtsolutionz.com/vizzstudio/demo-falr/falr/assets/vendors/am-charts/js/continentsLow.js]
[rtsolutionz.com/vizzstudio/demo-falr/falr/assets/vendors/am-charts/js/light.js]
[rtsolutionz.com/vizzstudio/demo-falr/falr/assets/js/am-maps.js]
[rtsolutionz.com/vizzstudio/demo-falr/falr/assets/vendors/am-charts/js/worldLow.js]
[rtsolutionz.com/vizzstudio/demo-falr/falr/assets/vendors/charts/float-bundle/jquery.flot.pie.js]
[rtsolutionz.com/vizzstudio/demo-falr/falr/assets/vendors/charts/float-bundle/jquery.flot.resize.js]
[rtsolutionz.com/vizzstudio/demo-falr/falr/assets/vendors/charts/float-bundle/jquery.flot.js]
[rtsolutionz.com/vizzstudio/demo-falr/falr/assets/vendors/charts/sparkline/easy-pie-chart.js]
[rtsolutionz.com/vizzstudio/demo-falr/falr/assets/vendors/charts/sparkline/sparklines.js]
[rtsolutionz.com/vizzstudio/demo-falr/falr/assets/vendors/charts/charts-bundle/Chart.bundle.js]
[rtsolutionz.com/vizzstudio/demo-falr/falr/assets/vendors/apex/js/apexcharts.min.js]
[rtsolutionz.com/vizzstudio/demo-falr/falr/dark-theme/index.html]
[rtsolutionz.com/vizzstudio/demo-falr/falr/dark-theme/monica@jhon.co.html]
[rtsolutionz.com/vizzstudio/demo-falr/falr/assets/js/home.js]
[rtsolutionz.com/vizzstudio/demo-falr/falr/assets/css/jquery.fancybox.css]
[rtsolutionz.com/vizzstudio/demo-falr/falr/assets/vendors/data-table/css/jquery.dataTables.css]
[rtsolutionz.com/vizzstudio/demo-falr/falr/assets/vendors/data-table/css/dataTables.bootstrap4.min.css]
[rtsolutionz.com/vizzstudio/demo-falr/falr/assets/vendors/data-table/css/responsive.bootstrap.min.css]
[rtsolutionz.com/vizzstudio/demo-falr/falr/assets/vendors/data-table/css/responsive.jqueryui.min.css]
[rtsolutionz.com/vizzstudio/demo-falr/falr/assets/images/lock-bg.jpg]
[rtsolutionz.com/vizzstudio/demo-falr/falr/assets/images/team/member2.jpg]
[rtsolutionz.com/vizzstudio/demo-falr/falr/assets/images/portfolio/bw1.jpg]
[rtsolutionz.com/vizzstudio/demo-falr/falr/assets/images/portfolio/bw3.jpg]
[rtsolutionz.com/vizzstudio/demo-falr/falr/assets/images/portfolio/bw4.jpg]
[rtsolutionz.com/vizzstudio/demo-falr/falr/assets/images/portfolio/bw5.jpg]
[rtsolutionz.com/vizzstudio/demo-falr/falr/assets/images/portfolio/bw7.jpg]
[rtsolutionz.com/vizzstudio/demo-falr/falr/assets/images/portfolio/bw8.jpg]
[rtsolutionz.com/vizzstudio/demo-falr/falr/assets/images/portfolio/bw9.jpg]
[rtsolutionz.com/vizzstudio/demo-falr/falr/assets/images/portfolio/bw10.jpg]
[rtsolutionz.com/vizzstudio/demo-falr/falr/assets/js/jquery.fancybox.pack.js]
[rtsolutionz.com/vizzstudio/demo-falr/falr/assets/vendors/data-table/js/jquery.dataTables.min.js]
[rtsolutionz.com/vizzstudio/demo-falr/falr/assets/vendors/data-table/js/dataTables.bootstrap4.min.js]
[rtsolutionz.com/vizzstudio/demo-falr/falr/assets/vendors/data-table/js/dataTables.responsive.min.js]
[rtsolutionz.com/vizzstudio/demo-falr/falr/assets/vendors/data-table/js/responsive.bootstrap.min.js]
[rtsolutionz.com/vizzstudio/demo-falr/falr/dark-theme/profile.html]
[rtsolutionz.com/vizzstudio/demo-falr/falr/dark-theme/login.html]
[rtsolutionz.com/vizzstudio/demo-falr/falr/assets/js/init/data-table.js]
[rtsolutionz.com/vizzstudio/demo-falr/falr/assets/images/portfolio/bw2.jpg]
[rtsolutionz.com/vizzstudio/demo-falr/falr/assets/images/portfolio/bw6.jpg]
[rtsolutionz.com/vizzstudio/demo-falr/falr/assets/js/masonry.pkgd.min.js]
[rtsolutionz.com/vizzstudio/demo-falr/falr/assets/js/init/masonary.js]
[rtsolutionz.com/vizzstudio/demo-falr/falr/dark-theme/gallery.html]
[rtsolutionz.com/vizzstudio/demo-falr/falr/dark-theme/inbox.html]
[rtsolutionz.com/vizzstudio/demo-falr/falr/assets/vendors/data-table/js/jquery.dataTables.js]
[rtsolutionz.com/vizzstudio/demo-falr/falr/dark-theme/compose.html]
[rtsolutionz.com/vizzstudio/demo-falr/falr/assets/images/image-attach.jpg]
[rtsolutionz.com/vizzstudio/demo-falr/falr/dark-theme/read-mail.html]
[rtsolutionz.com/vizzstudio/demo-falr/falr/dark-theme/alert.html]
[rtsolutionz.com/vizzstudio/demo-falr/falr/dark-theme/accordion.html]
[rtsolutionz.com/vizzstudio/demo-falr/falr/dark-theme/buttons.html]
[rtsolutionz.com/vizzstudio/demo-falr/falr/dark-theme/badges.html]
[rtsolutionz.com/vizzstudio/demo-falr/falr/assets/images/blog-listing/03.jpg]
[rtsolutionz.com/vizzstudio/demo-falr/falr/assets/images/blog-listing/04.jpg]
[rtsolutionz.com/vizzstudio/demo-falr/falr/assets/vendors/ck-editor/js/ckeditor.js]
[rtsolutionz.com/vizzstudio/demo-falr/falr/assets/images/team/member1.jpg]
[rtsolutionz.com/vizzstudio/demo-falr/falr/dark-theme/cards.html]
[rtsolutionz.com/vizzstudio/demo-falr/falr/assets/images/slider/slide1.jpg]
[rtsolutionz.com/vizzstudio/demo-falr/falr/assets/images/slider/slide2.jpg]
[rtsolutionz.com/vizzstudio/demo-falr/falr/assets/images/slider/slide3.jpg]
[rtsolutionz.com/vizzstudio/demo-falr/falr/dark-theme/carousel.html]
[rtsolutionz.com/vizzstudio/demo-falr/falr/dark-theme/dropdown.html]
[rtsolutionz.com/vizzstudio/demo-falr/falr/dark-theme/list-group.html]
[rtsolutionz.com/vizzstudio/demo-falr/falr/dark-theme/modals.html]
[rtsolutionz.com/vizzstudio/demo-falr/falr/dark-theme/pagination.html]
[rtsolutionz.com/vizzstudio/demo-falr/falr/dark-theme/popover.html]
[rtsolutionz.com/vizzstudio/demo-falr/falr/dark-theme/progressbar.html]
[rtsolutionz.com/vizzstudio/demo-falr/falr/dark-theme/tabs.html]
[rtsolutionz.com/vizzstudio/demo-falr/falr/dark-theme/typography.html]
[rtsolutionz.com/vizzstudio/demo-falr/falr/dark-theme/grid.html]
[rtsolutionz.com/vizzstudio/demo-falr/falr/assets/vendors/toastr/css/toastr.min.css]
[rtsolutionz.com/vizzstudio/demo-falr/falr/assets/vendors/toastr/js/toastr.min.js]
[rtsolutionz.com/vizzstudio/demo-falr/falr/dark-theme/toastr.html]
[rtsolutionz.com/vizzstudio/demo-falr/falr/assets/js/init/toastr.js]
[rtsolutionz.com/vizzstudio/demo-falr/falr/assets/vendors/sweetalert2/css/sweetalert2.min.css]
[rtsolutionz.com/vizzstudio/demo-falr/falr/assets/vendors/sweetalert2/js/sweetalert2.all.min.js]
[rtsolutionz.com/vizzstudio/demo-falr/falr/assets/js/init/sweet-alert.js]
[rtsolutionz.com/vizzstudio/demo-falr/falr/dark-theme/sweet-alert.html]
[rtsolutionz.com/vizzstudio/demo-falr/falr/assets/vendors/cropper/css/cropper.min.css]
[rtsolutionz.com/vizzstudio/demo-falr/falr/assets/js/init/cropper.js]
[rtsolutionz.com/vizzstudio/demo-falr/falr/assets/vendors/cropper/js/cropper.min.js]
[rtsolutionz.com/vizzstudio/demo-falr/falr/dark-theme/cropper.html]
[rtsolutionz.com/vizzstudio/demo-falr/falr/dark-theme/loaders.html]
[rtsolutionz.com/vizzstudio/demo-falr/falr/assets/vendors/hop-scotch/css/hopscotch.min.css]
[rtsolutionz.com/vizzstudio/demo-falr/falr/assets/js/init/hop-scotch.js]
[rtsolutionz.com/vizzstudio/demo-falr/falr/dark-theme/app-tour.html]
[rtsolutionz.com/vizzstudio/demo-falr/falr/assets/vendors/hop-scotch/js/hopscotch.min.js]
[rtsolutionz.com/vizzstudio/demo-falr/falr/assets/vendors/ladda-button/css/ladda-themeless.min.css]
[rtsolutionz.com/vizzstudio/demo-falr/falr/assets/vendors/ladda-button/js/spin.min.js]
[rtsolutionz.com/vizzstudio/demo-falr/falr/assets/vendors/ladda-button/js/ladda.jquery.min.js]
[rtsolutionz.com/vizzstudio/demo-falr/falr/assets/vendors/ladda-button/js/ladda.min.js]
[rtsolutionz.com/vizzstudio/demo-falr/falr/dark-theme/ladda-button.html]
[rtsolutionz.com/vizzstudio/demo-falr/falr/assets/js/init/ladda-button.js]
[rtsolutionz.com/vizzstudio/demo-falr/falr/assets/vendors/dropzone/css/dropzone.css]
[rtsolutionz.com/vizzstudio/demo-falr/falr/assets/js/init/dropzone.js]
[rtsolutionz.com/vizzstudio/demo-falr/falr/dark-theme/dropzone.html]
[rtsolutionz.com/vizzstudio/demo-falr/falr/dark-theme/font-awesome.html]
[rtsolutionz.com/vizzstudio/demo-falr/falr/dark-theme/themify.html]
[rtsolutionz.com/vizzstudio/demo-falr/falr/dark-theme/ionicons.html]
[rtsolutionz.com/vizzstudio/demo-falr/falr/dark-theme/et-line.html]
[rtsolutionz.com/vizzstudio/demo-falr/falr/assets/js/google-maps.js]
[rtsolutionz.com/vizzstudio/demo-falr/falr/dark-theme/google-maps.html]
[rtsolutionz.com/vizzstudio/demo-falr/falr/dark-theme/am-maps.html]
[rtsolutionz.com/vizzstudio/demo-falr/falr/dark-theme/basic-table.html]
[rtsolutionz.com/vizzstudio/demo-falr/falr/dark-theme/datatable.html]
[rtsolutionz.com/vizzstudio/demo-falr/falr/assets/vendors/js-grid/css/jsgrid.min.css]
[rtsolutionz.com/vizzstudio/demo-falr/falr/assets/vendors/js-grid/css/jsgrid-theme.min.css]
[rtsolutionz.com/vizzstudio/demo-falr/falr/assets/vendors/dropzone/js/dropzone.js]
[rtsolutionz.com/vizzstudio/demo-falr/falr/assets/vendors/js-grid/js/jsgrid.min.js]
[rtsolutionz.com/vizzstudio/demo-falr/falr/assets/js/init/js-grid.js]
[rtsolutionz.com/vizzstudio/demo-falr/falr/assets/js/init/jsGrid-db.js]
[rtsolutionz.com/vizzstudio/demo-falr/falr/dark-theme/js-grid.html]
[rtsolutionz.com/vizzstudio/demo-falr/falr/dark-theme/form-basic.html]
[rtsolutionz.com/vizzstudio/demo-falr/falr/dark-theme/form-layouts.html]
[rtsolutionz.com/vizzstudio/demo-falr/falr/dark-theme/form-groups.html]
[rtsolutionz.com/vizzstudio/demo-falr/falr/assets/js/init/code-editor.js]
[rtsolutionz.com/vizzstudio/demo-falr/falr/dark-theme/form-validation.html]
[rtsolutionz.com/vizzstudio/demo-falr/falr/assets/vendors/summernote/dist/summernote-bs4.css]
[rtsolutionz.com/vizzstudio/demo-falr/falr/assets/vendors/tinymce/js/themes/modern/theme.js]
[rtsolutionz.com/vizzstudio/demo-falr/falr/assets/js/init/editors.js]
[rtsolutionz.com/vizzstudio/demo-falr/falr/dark-theme/text-editor.html]
[rtsolutionz.com/vizzstudio/demo-falr/falr/dark-theme/code-editor.html]
[rtsolutionz.com/vizzstudio/demo-falr/falr/assets/js/init/chart-js.js]
[rtsolutionz.com/vizzstudio/demo-falr/falr/dark-theme/chart-js.html]
[rtsolutionz.com/vizzstudio/demo-falr/falr/assets/vendors/summernote/dist/summernote-bs4.min.js]
[rtsolutionz.com/vizzstudio/demo-falr/falr/assets/vendors/ace-editors/ace-builds/src-min/ace.js]
[rtsolutionz.com/vizzstudio/demo-falr/falr/assets/js/init/morris-js.js]
[rtsolutionz.com/vizzstudio/demo-falr/falr/dark-theme/morris-charts.html]
[rtsolutionz.com/vizzstudio/demo-falr/falr/assets/vendors/charts/morris-bundle/raphael.min.js]
[rtsolutionz.com/vizzstudio/demo-falr/falr/assets/vendors/charts/morris-bundle/morris.js]
[rtsolutionz.com/vizzstudio/demo-falr/falr/assets/vendors/charts/c3charts/c3.css]
[rtsolutionz.com/vizzstudio/demo-falr/falr/assets/js/init/C3chart-js.js]
[rtsolutionz.com/vizzstudio/demo-falr/falr/dark-theme/c3-chart.html]
[rtsolutionz.com/vizzstudio/demo-falr/falr/assets/vendors/charts/chartist-bundle/chartist.css]
[rtsolutionz.com/vizzstudio/demo-falr/falr/assets/vendors/charts/chartist-bundle/chartist.min.js]
[rtsolutionz.com/vizzstudio/demo-falr/falr/assets/js/init/chartist.js]
[rtsolutionz.com/vizzstudio/demo-falr/falr/dark-theme/chartist.html]
[rtsolutionz.com/vizzstudio/demo-falr/falr/dark-theme/register.html]
[rtsolutionz.com/vizzstudio/demo-falr/falr/dark-theme/lock.html]
[rtsolutionz.com/vizzstudio/demo-falr/falr/assets/vendors/charts/c3charts/c3.min.js]
[rtsolutionz.com/vizzstudio/demo-falr/falr/assets/images/bg-img.jpg]
[rtsolutionz.com/vizzstudio/demo-falr/falr/dark-theme/reset-password.html]
[rtsolutionz.com/vizzstudio/demo-falr/falr/dark-theme/forgot-password.html]
[rtsolutionz.com/vizzstudio/demo-falr/falr/dark-theme/404.html]
[rtsolutionz.com/vizzstudio/demo-falr/falr/dark-theme/500.html]
[rtsolutionz.com/vizzstudio/demo-falr/falr/dark-theme/505.html]
[rtsolutionz.com/vizzstudio/demo-falr/falr/dark-theme/blank.html]
[rtsolutionz.com/vizzstudio/demo-falr/falr/dark-theme/invoice.html]
[rtsolutionz.com/vizzstudio/demo-falr/falr/dark-theme/pricing.html]
[rtsolutionz.com/vizzstudio/demo-falr/falr/dark-theme/timeline.html]
[rtsolutionz.com/vizzstudio/demo-falr/falr/assets/js/popper.min.js]
[rtsolutionz.com/vizzstudio/demo-falr/falr/assets/css/owl.video.play.html]
[rtsolutionz.com/vizzstudio/demo-falr/falr/assets/vendors/am-charts/css/am-charts.css]
[rtsolutionz.com/vizzstudio/demo-falr/falr/assets/vendors/charts/morris-bundle/morris.css]
[rtsolutionz.com/vizzstudio/demo-falr/falr/assets/images/fancybox_sprite.png]
[rtsolutionz.com/vizzstudio/demo-falr/falr/assets/images/fancybox_loading.gif]
[rtsolutionz.com/vizzstudio/demo-falr/falr/assets/images/fancybox_overlay.png]
[rtsolutionz.com/vizzstudio/demo-falr/falr/assets/vendors/tinymce/js/tinymce.min.js]
[rtsolutionz.com/vizzstudio/demo-falr/falr/assets/vendors/charts/c3charts/d3-5.4.0.min.js]
[rtsolutionz.com/vizzstudio/demo-falr/falr/assets/images/fancybox_sprite@2x.png]
[rtsolutionz.com/vizzstudio/demo-falr/falr/assets/css/jquery.fancybox.css]
[rtsolutionz.com/vizzstudio/demo-falr/falr/assets/vendors/data-table/css/jquery.dataTables.css]
[rtsolutionz.com/vizzstudio/demo-falr/falr/assets/vendors/data-table/css/dataTables.bootstrap4.min.css]
[rtsolutionz.com/vizzstudio/demo-falr/falr/assets/vendors/data-table/css/responsive.bootstrap.min.css]
[rtsolutionz.com/vizzstudio/demo-falr/falr/assets/vendors/data-table/css/responsive.jqueryui.min.css]
[rtsolutionz.com/vizzstudio/demo-falr/falr/dark-theme/images/blog/post-1.html]
[rtsolutionz.com/vizzstudio/demo-falr/falr/assets/vendors/toastr/css/toastr.min.css]
[rtsolutionz.com/vizzstudio/demo-falr/falr/assets/vendors/sweetalert2/css/sweetalert2.min.css]
[rtsolutionz.com/vizzstudio/demo-falr/falr/assets/vendors/cropper/css/cropper.min.css]
[rtsolutionz.com/vizzstudio/demo-falr/falr/assets/js/init/fancy.js]
[rtsolutionz.com/vizzstudio/demo-falr/falr/assets/vendors/hop-scotch/img/sprite-green.png]
[rtsolutionz.com/vizzstudio/demo-falr/falr/assets/vendors/hop-scotch/css/hopscotch.min.css]
[rtsolutionz.com/vizzstudio/demo-falr/falr/assets/vendors/ladda-button/css/ladda-themeless.min.css]
[rtsolutionz.com/vizzstudio/demo-falr/falr/assets/vendors/dropzone/css/dropzone.css]
[rtsolutionz.com/vizzstudio/demo-falr/falr/assets/vendors/js-grid/css/jsgrid.min.css]
[rtsolutionz.com/vizzstudio/demo-falr/falr/assets/vendors/js-grid/css/jsgrid-theme.min.css]
[rtsolutionz.com/vizzstudio/demo-falr/falr/assets/vendors/summernote/dist/font/summernote291f.eot]
[rtsolutionz.com/vizzstudio/demo-falr/falr/assets/vendors/summernote/dist/font/summernoted41d.eot]
[rtsolutionz.com/vizzstudio/demo-falr/falr/assets/vendors/summernote/dist/font/summernote291f.woff]
[rtsolutionz.com/vizzstudio/demo-falr/falr/assets/vendors/summernote/dist/summernote-bs4.css]
[rtsolutionz.com/vizzstudio/demo-falr/falr/assets/vendors/charts/c3charts/c3.css]
[rtsolutionz.com/vizzstudio/demo-falr/falr/assets/vendors/charts/chartist-bundle/chartist.css]
[rtsolutionz.com/vizzstudio/demo-falr/falr/assets/vendors/data-table/images/sort_both.html]
[rtsolutionz.com/vizzstudio/demo-falr/falr/assets/vendors/data-table/images/sort_asc.html]
[rtsolutionz.com/vizzstudio/demo-falr/falr/assets/vendors/data-table/images/sort_desc.html]
[rtsolutionz.com/vizzstudio/demo-falr/falr/assets/vendors/data-table/images/sort_asc_disabled.html]
[rtsolutionz.com/vizzstudio/demo-falr/falr/assets/vendors/data-table/images/sort_desc_disabled.html]
[rtsolutionz.com/vizzstudio/demo-falr/falr/assets/vendors/summernote/dist/font/summernote291f.ttf]
[rtsolutionz.com/vizzstudio/demo-falr/falr/assets/images/fancybox_loading@2x.gif]
